{"cell_id": "546925828", "directed_edges": 10765, "cv_count": 3618, "seconds": 0.571839500014903}
{"cell_id": "547114083", "directed_edges": 17516, "cv_count": 5084, "seconds": 0.7426998000009917}
{"cell_id": "620880207", "directed_edges": 63631, "cv_count": 18501, "seconds": 3.1592601999873295}
{"cell_id": "678539249", "directed_edges": 4479, "cv_count": 1037, "seconds": 0.2280068999971263}
{"cell_id": "751294744", "directed_edges": 34439, "cv_count": 10594, "seconds": 1.668038500007242}
{"cell_id": "810151953", "directed_edges": 14214, "cv_count": 3416, "seconds": 0.6106476999993902}
{"cell_id": "810970127", "directed_edges": 47571, "cv_count": 12699, "seconds": 2.2688718999852426}
{"cell_id": "883843993", "directed_edges": 22742, "cv_count": 5905, "seconds": 1.0847460000077263}
{"cell_id": "955432427", "directed_edges": 11523, "cv_count": 3923, "seconds": 0.5753531999944244}
{"cell_id": "1072605926", "directed_edges": 16119, "cv_count": 4059, "seconds": 0.7863175999955274}
{"cell_id": "1304599410", "directed_edges": 39793, "cv_count": 9830, "seconds": 1.6597732000227552}
{"cell_id": "1465400601", "directed_edges": 28669, "cv_count": 7783, "seconds": 1.2378300999989733}
{"cell_id": "1669770671", "directed_edges": 28624, "cv_count": 8814, "seconds": 1.2837456999986898}
{"cell_id": "1684504313", "directed_edges": 37400, "cv_count": 10529, "seconds": 1.615427999990061}
{"cell_id": "1787105373", "directed_edges": 8784, "cv_count": 1527, "seconds": 0.3982233999995515}
Traceback (most recent call last):
  File "C:\Users\J\Documents\Projects\connectome-agent\braintrace-source\.worktrees\h01-human-unity\docs\evidence\h01-human-unity-20260914\population-geometry\run_audit.py", line 77, in <module>
    assert np.allclose(np.asarray(intervals).reshape(-1,3), np.asarray(saved['electrical_intervals'][label]).reshape(-1,3),rtol=0,atol=1e-12)
           ~~~~~~~~~~~^^^^^^^^^^^^^^^^^^^^^^^^^^^^^^^^^^^^^^^^^^^^^^^^^^^^^^^^^^^^^^^^^^^^^^^^^^^^^^^^^^^^^^^^^^^^^^^^^^^^^^^^^^^^^^^^^^^^^^^
AssertionError
