{
  "parameters": [
    160.09260789747523,
    508.38711602305574,
    24.778880201984876,
    693.4523319745651,
    88.38227653788138,
    503.9070803130475,
    0.04336147039553338,
    0.007008545048967882,
    36.27444118801692,
    0.2570149771993709,
    1.4182165403461197e-16,
    0.5789913462300879,
    196.2076887002537,
    1148.7940385696486,
    91.43618417091378
  ],
  "optimizer_success": true,
  "evaluations": 45,
  "elapsed_seconds": 28.10974320000969,
  "active_bounds": [
    0,
    0,
    0,
    0,
    0,
    0,
    0,
    0,
    0,
    0,
    -1,
    0,
    0,
    0,
    0
  ],
  "scaled_jacobian_singular_values": [
    169637.39179610772,
    80401.07421829907,
    50440.57326032141,
    19712.192167208123,
    9801.343655392662,
    7639.357662517129,
    6860.556904521895,
    3834.2476919978903,
    3003.3007927552444,
    1776.6490973087707,
    1655.9871665158453,
    1153.2591888139912,
    557.805255530867,
    282.1064385161433,
    10.594071606470644
  ],
  "scaled_jacobian_rank": 15
}
{'first': 7.2578314068357175, 'second': 14.295147856401808, 'post': 3.8462496938896957}
